// Jest Snapshot v1, https://goo.gl/fbAQLP

exports[`App should match snapshot 1`] = `
Object {
  "asFragment": [Function],
  "baseElement": <body>
    <div>
      <div
        class="makeStyles-root-1"
      >
        <button
          aria-label="open drawer"
          class="MuiButtonBase-root MuiIconButton-root makeStyles-menuButton-2 makeStyles-hide-3 MuiIconButton-colorInherit MuiIconButton-edgeEnd"
          data-testid="open-drawer-button"
          tabindex="0"
          type="button"
        >
          <span
            class="MuiIconButton-label"
          >
            <svg
              aria-hidden="true"
              class="MuiSvgIcon-root"
              focusable="false"
              viewBox="0 0 24 24"
            >
              <path
                d="M10 6L8.59 7.41 13.17 12l-4.58 4.59L10 18l6-6z"
              />
            </svg>
          </span>
          <span
            class="MuiTouchRipple-root"
          />
        </button>
        <div
          class="MuiDrawer-root MuiDrawer-docked makeStyles-drawer-4"
        >
          <div
            class="MuiPaper-root MuiDrawer-paper makeStyles-drawerPaper-5 MuiDrawer-paperAnchorLeft MuiDrawer-paperAnchorDockedLeft MuiPaper-elevation0"
          >
            <div
              class="makeStyles-drawerHeader-6"
            >
              <button
                class="MuiButtonBase-root MuiIconButton-root"
                data-testid="close-drawer-button"
                tabindex="0"
                type="button"
              >
                <span
                  class="MuiIconButton-label"
                >
                  <svg
                    aria-hidden="true"
                    class="MuiSvgIcon-root"
                    focusable="false"
                    viewBox="0 0 24 24"
                  >
                    <path
                      d="M15.41 7.41L14 6l-6 6 6 6 1.41-1.41L10.83 12z"
                    />
                  </svg>
                </span>
                <span
                  class="MuiTouchRipple-root"
                />
              </button>
            </div>
            <div
              data-testid="no-data-msg"
            >
              <h2>
                Please add queries/searches to see them here!
              </h2>
            </div>
            <div
              data-testid="data-div"
              hidden=""
            >
              <div
                class="MuiFormControl-root MuiTextField-root makeStyles-inputField-7"
                data-testid="search-text-field"
              >
                <div
                  class="MuiInputBase-root MuiOutlinedInput-root MuiInputBase-formControl MuiInputBase-adornedStart MuiOutlinedInput-adornedStart"
                >
                  <div
                    class="MuiInputAdornment-root MuiInputAdornment-positionStart"
                  >
                    <svg
                      aria-hidden="true"
                      class="MuiSvgIcon-root"
                      focusable="false"
                      viewBox="0 0 24 24"
                    >
                      <path
                        d="M15.5 14h-.79l-.28-.27C15.41 12.59 16 11.11 16 9.5 16 5.91 13.09 3 9.5 3S3 5.91 3 9.5 5.91 16 9.5 16c1.61 0 3.09-.59 4.23-1.57l.27.28v.79l5 4.99L20.49 19l-4.99-5zm-6 0C7.01 14 5 11.99 5 9.5S7.01 5 9.5 5 14 7.01 14 9.5 11.99 14 9.5 14z"
                      />
                    </svg>
                  </div>
                  <input
                    aria-invalid="false"
                    class="MuiInputBase-input MuiOutlinedInput-input MuiInputBase-inputAdornedStart MuiOutlinedInput-inputAdornedStart"
                    type="text"
                    value=""
                  />
                  <fieldset
                    aria-hidden="true"
                    class="PrivateNotchedOutline-root-8 MuiOutlinedInput-notchedOutline"
                    style="padding-left: 8px;"
                  >
                    <legend
                      class="PrivateNotchedOutline-legend-9"
                      style="width: 0.01px;"
                    >
                      <span>
                        â€‹
                      </span>
                    </legend>
                  </fieldset>
                </div>
              </div>
            </div>
            <header
              class="MuiPaper-root MuiAppBar-root MuiAppBar-positionStatic MuiAppBar-colorDefault MuiPaper-elevation4"
            >
              <div
                class="MuiTabs-root"
              >
                <div
                  class="MuiTabs-scroller MuiTabs-fixed"
                  style="overflow: hidden;"
                >
                  <div
                    class="MuiTabs-flexContainer"
                    role="tablist"
                  >
                    <button
                      aria-selected="true"
                      class="MuiButtonBase-root MuiTab-root MuiTab-textColorPrimary Mui-selected MuiTab-fullWidth"
                      role="tab"
                      tabindex="0"
                      type="button"
                    >
                      <span
                        class="MuiTab-wrapper"
                      >
                        All
                      </span>
                      <span
                        class="MuiTouchRipple-root"
                      />
                    </button>
                    <button
                      aria-selected="false"
                      class="MuiButtonBase-root MuiTab-root MuiTab-textColorPrimary MuiTab-fullWidth"
                      role="tab"
                      tabindex="-1"
                      type="button"
                    >
                      <span
                        class="MuiTab-wrapper"
                      >
                        Bookmarked
                      </span>
                      <span
                        class="MuiTouchRipple-root"
                      />
                    </button>
                  </div>
                  <span
                    class="PrivateTabIndicator-root-12 PrivateTabIndicator-colorPrimary-13 MuiTabs-indicator"
                    style="left: 0px; width: 0px;"
                  />
                </div>
              </div>
            </header>
            <div>
              <div
                class="MuiBox-root MuiBox-root-16"
              >
                <div />
              </div>
            </div>
            <div
              hidden=""
            />
          </div>
        </div>
      </div>
    </div>
  </body>,
  "container": <div>
    <div
      class="makeStyles-root-1"
    >
      <button
        aria-label="open drawer"
        class="MuiButtonBase-root MuiIconButton-root makeStyles-menuButton-2 makeStyles-hide-3 MuiIconButton-colorInherit MuiIconButton-edgeEnd"
        data-testid="open-drawer-button"
        tabindex="0"
        type="button"
      >
        <span
          class="MuiIconButton-label"
        >
          <svg
            aria-hidden="true"
            class="MuiSvgIcon-root"
            focusable="false"
            viewBox="0 0 24 24"
          >
            <path
              d="M10 6L8.59 7.41 13.17 12l-4.58 4.59L10 18l6-6z"
            />
          </svg>
        </span>
        <span
          class="MuiTouchRipple-root"
        />
      </button>
      <div
        class="MuiDrawer-root MuiDrawer-docked makeStyles-drawer-4"
      >
        <div
          class="MuiPaper-root MuiDrawer-paper makeStyles-drawerPaper-5 MuiDrawer-paperAnchorLeft MuiDrawer-paperAnchorDockedLeft MuiPaper-elevation0"
        >
          <div
            class="makeStyles-drawerHeader-6"
          >
            <button
              class="MuiButtonBase-root MuiIconButton-root"
              data-testid="close-drawer-button"
              tabindex="0"
              type="button"
            >
              <span
                class="MuiIconButton-label"
              >
                <svg
                  aria-hidden="true"
                  class="MuiSvgIcon-root"
                  focusable="false"
                  viewBox="0 0 24 24"
                >
                  <path
                    d="M15.41 7.41L14 6l-6 6 6 6 1.41-1.41L10.83 12z"
                  />
                </svg>
              </span>
              <span
                class="MuiTouchRipple-root"
              />
            </button>
          </div>
          <div
            data-testid="no-data-msg"
          >
            <h2>
              Please add queries/searches to see them here!
            </h2>
          </div>
          <div
            data-testid="data-div"
            hidden=""
          >
            <div
              class="MuiFormControl-root MuiTextField-root makeStyles-inputField-7"
              data-testid="search-text-field"
            >
              <div
                class="MuiInputBase-root MuiOutlinedInput-root MuiInputBase-formControl MuiInputBase-adornedStart MuiOutlinedInput-adornedStart"
              >
                <div
                  class="MuiInputAdornment-root MuiInputAdornment-positionStart"
                >
                  <svg
                    aria-hidden="true"
                    class="MuiSvgIcon-root"
                    focusable="false"
                    viewBox="0 0 24 24"
                  >
                    <path
                      d="M15.5 14h-.79l-.28-.27C15.41 12.59 16 11.11 16 9.5 16 5.91 13.09 3 9.5 3S3 5.91 3 9.5 5.91 16 9.5 16c1.61 0 3.09-.59 4.23-1.57l.27.28v.79l5 4.99L20.49 19l-4.99-5zm-6 0C7.01 14 5 11.99 5 9.5S7.01 5 9.5 5 14 7.01 14 9.5 11.99 14 9.5 14z"
                    />
                  </svg>
                </div>
                <input
                  aria-invalid="false"
                  class="MuiInputBase-input MuiOutlinedInput-input MuiInputBase-inputAdornedStart MuiOutlinedInput-inputAdornedStart"
                  type="text"
                  value=""
                />
                <fieldset
                  aria-hidden="true"
                  class="PrivateNotchedOutline-root-8 MuiOutlinedInput-notchedOutline"
                  style="padding-left: 8px;"
                >
                  <legend
                    class="PrivateNotchedOutline-legend-9"
                    style="width: 0.01px;"
                  >
                    <span>
                      â€‹
                    </span>
                  </legend>
                </fieldset>
              </div>
            </div>
          </div>
          <header
            class="MuiPaper-root MuiAppBar-root MuiAppBar-positionStatic MuiAppBar-colorDefault MuiPaper-elevation4"
          >
            <div
              class="MuiTabs-root"
            >
              <div
                class="MuiTabs-scroller MuiTabs-fixed"
                style="overflow: hidden;"
              >
                <div
                  class="MuiTabs-flexContainer"
                  role="tablist"
                >
                  <button
                    aria-selected="true"
                    class="MuiButtonBase-root MuiTab-root MuiTab-textColorPrimary Mui-selected MuiTab-fullWidth"
                    role="tab"
                    tabindex="0"
                    type="button"
                  >
                    <span
                      class="MuiTab-wrapper"
                    >
                      All
                    </span>
                    <span
                      class="MuiTouchRipple-root"
                    />
                  </button>
                  <button
                    aria-selected="false"
                    class="MuiButtonBase-root MuiTab-root MuiTab-textColorPrimary MuiTab-fullWidth"
                    role="tab"
                    tabindex="-1"
                    type="button"
                  >
                    <span
                      class="MuiTab-wrapper"
                    >
                      Bookmarked
                    </span>
                    <span
                      class="MuiTouchRipple-root"
                    />
                  </button>
                </div>
                <span
                  class="PrivateTabIndicator-root-12 PrivateTabIndicator-colorPrimary-13 MuiTabs-indicator"
                  style="left: 0px; width: 0px;"
                />
              </div>
            </div>
          </header>
          <div>
            <div
              class="MuiBox-root MuiBox-root-16"
            >
              <div />
            </div>
          </div>
          <div
            hidden=""
          />
        </div>
      </div>
    </div>
  </div>,
  "debug": [Function],
  "findAllByAltText": [Function],
  "findAllByDisplayValue": [Function],
  "findAllByLabelText": [Function],
  "findAllByPlaceholderText": [Function],
  "findAllByRole": [Function],
  "findAllByTestId": [Function],
  "findAllByText": [Function],
  "findAllByTitle": [Function],
  "findByAltText": [Function],
  "findByDisplayValue": [Function],
  "findByLabelText": [Function],
  "findByPlaceholderText": [Function],
  "findByRole": [Function],
  "findByTestId": [Function],
  "findByText": [Function],
  "findByTitle": [Function],
  "getAllByAltText": [Function],
  "getAllByDisplayValue": [Function],
  "getAllByLabelText": [Function],
  "getAllByPlaceholderText": [Function],
  "getAllByRole": [Function],
  "getAllByTestId": [Function],
  "getAllByText": [Function],
  "getAllByTitle": [Function],
  "getByAltText": [Function],
  "getByDisplayValue": [Function],
  "getByLabelText": [Function],
  "getByPlaceholderText": [Function],
  "getByRole": [Function],
  "getByTestId": [Function],
  "getByText": [Function],
  "getByTitle": [Function],
  "queryAllByAltText": [Function],
  "queryAllByDisplayValue": [Function],
  "queryAllByLabelText": [Function],
  "queryAllByPlaceholderText": [Function],
  "queryAllByRole": [Function],
  "queryAllByTestId": [Function],
  "queryAllByText": [Function],
  "queryAllByTitle": [Function],
  "queryByAltText": [Function],
  "queryByDisplayValue": [Function],
  "queryByLabelText": [Function],
  "queryByPlaceholderText": [Function],
  "queryByRole": [Function],
  "queryByTestId": [Function],
  "queryByText": [Function],
  "queryByTitle": [Function],
  "rerender": [Function],
  "unmount": [Function],
}
`;
